loss_type,unit,mean,stddev
structural,USD,1.37041E+07,5.31204E+06
