loss_type,unit,mean,stddev
structural,USD,5.96043E+02,3.67897E+02
