taxonomy,return_period,loss_type,value
RM,100,structural,2.74907E+02
RM,200,structural,6.36532E+02
RM,500,structural,2.39994E+03
