taxonomy,loss_type,value
RM,structural,4.78542E+02
