asset_ref,taxonomy,lon,lat,structural
a3,"tax1",-122.57000,38.11300,2.11491E+00
a2,"tax1",-122.11400,38.11300,5.70478E+00
a5,"tax1",-122.00000,37.91000,3.60299E+00
a4,"tax1",-122.00000,38.00000,1.63180E+01
a1,"tax1",-122.00000,38.11300,2.25731E+01
a6,"tax1",-122.00000,38.22500,1.14391E+01
a7,"tax1",-121.88600,38.11300,6.86999E+00
