<?xml version="1.0" encoding="utf-8"?>
<nrml
xmlns="http://openquake.org/xmlns/nrml/0.5"
xmlns:gml="http://www.opengis.net/gml"
>
    <uniformHazardSpectra
    gsimTreePath="b12"
    investigationTime="1.0"
    poE="0.0021"
    sourceModelTreePath="b1"
    >
        <periods>
            0.0 0.2 1.0
        </periods>
        <uhs>
            <gml:Point>
                <gml:pos>
                    -123.23738 49.27479
                </gml:pos>
            </gml:Point>
            <IMLs>
                5.8052044E-02 1.2941091E-01 4.3412462E-02
            </IMLs>
        </uhs>
        <uhs>
            <gml:Point>
                <gml:pos>
                    -123.23282 49.26162
                </gml:pos>
            </gml:Point>
            <IMLs>
                5.7712551E-02 1.2884179E-01 4.3230083E-02
            </IMLs>
        </uhs>
        <uhs>
            <gml:Point>
                <gml:pos>
                    -123.2048 49.26786
                </gml:pos>
            </gml:Point>
            <IMLs>
                5.8335815E-02 1.2978229E-01 4.3353360E-02
            </IMLs>
        </uhs>
    </uniformHazardSpectra>
</nrml>
