loss_type,unit,mean,stddev
structural,USD,2.75479E+03,2.51792E+03
