loss_type,unit,mean,stddev
structural,USD,2.23596E+03,2.21390E+03
