loss_type,unit,mean,stddev
structural,USD,4.73847E+02,2.28645E+02
