======= ======= =======
PGA     SA(0.3) SA(0.6)
======= ======= =======
0.00460 0.00214 0.00175
======= ======= =======