loss_type,unit,mean,stddev
structural,USD,4.32225E+02,1.86864E+02
structural_ins,USD,1.04860E+02,1.45370E+02
