loss_type,unit,mean,stddev
occupants,people,2.44485E+00,4.03234E-01
