loss_type,unit,mean,stddev
structural,USD,1.01000E+03,3.15883E+03
