============== ============= ==========
portfolio_loss nonstructural structural
============== ============= ==========
mean           4,585         15,603    
stddev         839           556       
============== ============= ==========